
> snapit-frontend@0.0.0 build
> vite build

[36mvite v5.4.21 [32mbuilding for production...[36m[39m
transforming...
[32mΓ£ô[39m 3 modules transformed.
node.exe : [31mx[39m Build 
failed in 290ms
At line:1 char:1
+ & "C:\Program 
Files\nodejs/node.exe" "C:\Us
ers\harit\AppData\Roaming\ 
...
+ ~~~~~~~~~~~~~~~~~~~~~~~~~~~
~~~~~~~~~~~~~~~~~~~~~~~~~~~~~
~~~~~~~~~~~~~
    + CategoryInfo           
   : NotSpecified: ([31mx  
  [39m Build failed in 290   
 ms:String) [], RemoteExc    
eption
    + FullyQualifiedErrorId  
   : NativeCommandError
 
[31merror during build:
[31m[vite:css] [postcss] It 
looks like you're trying to 
use `tailwindcss` directly 
as a PostCSS plugin. The 
PostCSS plugin has moved to 
a separate package, so to 
continue using Tailwind CSS 
with PostCSS you'll need to 
install 
`@tailwindcss/postcss` and 
update your PostCSS 
configuration.[31m
file: [36mC:/Users/harit/Doc
uments/Coding/hackathon/hacks
agon/frontend/src/index.css:u
ndefined:NaN[31m
    at at (C:\Users\harit\Doc
uments\Coding\hackathon\hacks
agon\frontend\node_modules\ta
ilwindcss\dist\lib.js:38:1643
)
    at LazyResult.runOnRoot (
C:\Users\harit\Documents\Codi
ng\hackathon\hacksagon\fronte
nd\node_modules\postcss\lib\l
azy-result.js:361:16)
    at LazyResult.runAsync (C
:\Users\harit\Documents\Codin
g\hackathon\hacksagon\fronten
d\node_modules\postcss\lib\la
zy-result.js:290:26)
    at LazyResult.async (C:\U
sers\harit\Documents\Coding\h
ackathon\hacksagon\frontend\n
ode_modules\postcss\lib\lazy-
result.js:192:30)
    at LazyResult.then (C:\Us
ers\harit\Documents\Coding\ha
ckathon\hacksagon\frontend\no
de_modules\postcss\lib\lazy-r
esult.js:436:17)[39m
